com\vmc\service\impl\AdminService.class
com\vmc\service\implInt\AdminServiceInter.class
com\vmc\models\UserRegistration.class
com\vmc\controller\AdminController.class
com\vmc\dao\implInt\UserDaoInter.class
com\vmc\models\Detailed.class
com\vmc\dao\impl\Vehicledao$1.class
com\vmc\models\Customer.class
com\vmc\dao\impl\Userdao$2.class
com\vmc\models\Purchase.class
com\vmc\models\Employee.class
com\vmc\Response\ApiResponse.class
com\vmc\service\impl\VehicleSerivice.class
com\vmc\service\implInt\VehicleServiceInter.class
com\vmc\utils\VehicleManagmentUtils.class
com\vmc\controller\UserManagmentController.class
com\vmc\dao\implInt\AdmindaoInter.class
com\vmc\models\Admin.class
com\vmc\models\VehicleDetails.class
com\vmc\configuration\VehicleManagmentWebConfiguration.class
com\vmc\service\implInt\UserServiceInter.class
com\vmc\dao\impl\Userdao$1.class
com\vmc\configuration\VehicleManagmentInitilizer.class
com\vmc\service\impl\UserService.class
com\vmc\controller\VehicleManagementController.class
com\vmc\dao\impl\Userdao.class
com\vmc\models\VehicleDetailss.class
com\vmc\configuration\VehicleManagmentServiceConfiguration.class
com\vmc\dao\impl\Vehicledao.class
com\vmc\configuration\VehicleManagmentThreadConfiguration.class
com\vmc\models\Login.class
com\vmc\dao\impl\Vehicledao$2.class
com\vmc\dao\implInt\VehicledaoInter.class
com\vmc\dao\impl\Admindao.class
com\vmc\configuration\CORSFilter.class
