C:\Users\USER\eclipse-workspace\VehicleManagment\src\com\vmc\models\UserRegistration.java
C:\Users\USER\eclipse-workspace\VehicleManagment\src\com\vmc\dao\implInt\AdmindaoInter.java
C:\Users\USER\eclipse-workspace\VehicleManagment\src\com\vmc\models\Customer.java
C:\Users\USER\eclipse-workspace\VehicleManagment\src\com\vmc\controller\UserManagmentController.java
C:\Users\USER\eclipse-workspace\VehicleManagment\src\com\vmc\dao\impl\Userdao.java
C:\Users\USER\eclipse-workspace\VehicleManagment\src\com\vmc\controller\VehicleManagementController.java
C:\Users\USER\eclipse-workspace\VehicleManagment\src\com\vmc\models\Admin.java
C:\Users\USER\eclipse-workspace\VehicleManagment\src\com\vmc\models\VehicleDetailss.java
C:\Users\USER\eclipse-workspace\VehicleManagment\src\com\vmc\Response\ApiResponse.java
C:\Users\USER\eclipse-workspace\VehicleManagment\src\com\vmc\configuration\CORSFilter.java
C:\Users\USER\eclipse-workspace\VehicleManagment\src\com\vmc\dao\impl\Admindao.java
C:\Users\USER\eclipse-workspace\VehicleManagment\src\com\vmc\models\Employee.java
C:\Users\USER\eclipse-workspace\VehicleManagment\src\com\vmc\dao\implInt\UserDaoInter.java
C:\Users\USER\eclipse-workspace\VehicleManagment\src\com\vmc\service\implInt\AdminServiceInter.java
C:\Users\USER\eclipse-workspace\VehicleManagment\src\com\vmc\service\implInt\UserServiceInter.java
C:\Users\USER\eclipse-workspace\VehicleManagment\src\com\vmc\models\VehicleDetails.java
C:\Users\USER\eclipse-workspace\VehicleManagment\src\com\vmc\configuration\VehicleManagmentServiceConfiguration.java
C:\Users\USER\eclipse-workspace\VehicleManagment\src\com\vmc\service\impl\AdminService.java
C:\Users\USER\eclipse-workspace\VehicleManagment\src\com\vmc\configuration\VehicleManagmentInitilizer.java
C:\Users\USER\eclipse-workspace\VehicleManagment\src\com\vmc\service\impl\UserService.java
C:\Users\USER\eclipse-workspace\VehicleManagment\src\com\vmc\service\impl\VehicleSerivice.java
C:\Users\USER\eclipse-workspace\VehicleManagment\src\com\vmc\configuration\VehicleManagmentWebConfiguration.java
C:\Users\USER\eclipse-workspace\VehicleManagment\src\com\vmc\controller\AdminController.java
C:\Users\USER\eclipse-workspace\VehicleManagment\src\com\vmc\service\implInt\VehicleServiceInter.java
C:\Users\USER\eclipse-workspace\VehicleManagment\src\com\vmc\models\Login.java
C:\Users\USER\eclipse-workspace\VehicleManagment\src\com\vmc\models\Purchase.java
C:\Users\USER\eclipse-workspace\VehicleManagment\src\com\vmc\utils\VehicleManagmentUtils.java
C:\Users\USER\eclipse-workspace\VehicleManagment\src\com\vmc\dao\implInt\VehicledaoInter.java
C:\Users\USER\eclipse-workspace\VehicleManagment\src\com\vmc\dao\impl\Vehicledao.java
C:\Users\USER\eclipse-workspace\VehicleManagment\src\com\vmc\configuration\VehicleManagmentThreadConfiguration.java
C:\Users\USER\eclipse-workspace\VehicleManagment\src\com\vmc\models\Detailed.java
